CMDLINE: "./nr-uesoftmodem" "-r" "106" "--numerology" "1" "--band" "78" "-C" "3619200000" "--rfsim" "-O" "/home/karl/marcus/5g-nr-rfsim-guides/oai_gnb_oai_ue/config/ue.conf" 
[CONFIG] function config_libconfig_init returned 0
[UTIL]   running in SA mode (no --phy-test, --do-ra, --nsa option present)
[UTIL]   threadCreate() for Tpool0_-1: creating thread with affinity ffffffff, priority 97
[UTIL]   threadCreate() for Tpool1_-1: creating thread with affinity ffffffff, priority 97
[UTIL]   threadCreate() for Tpool2_-1: creating thread with affinity ffffffff, priority 97
[UTIL]   threadCreate() for Tpool3_-1: creating thread with affinity ffffffff, priority 97
[UTIL]   threadCreate() for Tpool4_-1: creating thread with affinity ffffffff, priority 97
[UTIL]   threadCreate() for Tpool5_-1: creating thread with affinity ffffffff, priority 97
[UTIL]   threadCreate() for Tpool6_-1: creating thread with affinity ffffffff, priority 97
[UTIL]   threadCreate() for Tpool7_-1: creating thread with affinity ffffffff, priority 97
[OPT]    OPT disabled
[HW]     Version: Branch: develop Abrev. Hash: c8b78200bf Date: Fri Jul 31 13:18:51 2026 +0200
[NR_RRC] create TASK_RRC_NRUE 
[UTIL]   threadCreate() for TASK_RRC_NRUE: creating thread with affinity ffffffff, priority 50
[UTIL]   threadCreate() for TASK_NAS_NRUE: creating thread with affinity ffffffff, priority 50
[SIM]    UICC simulation: IMSI=001010000062653, IMEISV=6754567890123413, Ki=8baf473f2f8fd09487cccbd7097c6862, OPc=8e27b6af0e692e750f32667a3b14605d
[SIM]    overriding potential uicc0.dnn/nssai_sst/nssai_sd from uicc0.pdu_sessions
[SIM]    will request PDU session ID 1, type 1, DNN Internet, NSSAI 1.ffffff
[NR_MAC] [UE0] Initializing MAC
[NR_MAC] Initializing dl and ul config_request. num_slots = 20
[RLC]    Activated srb0 for UE 0
[UTIL]   threadCreate() for time source iq samples: creating thread with affinity ffffffff, priority 2
[UTIL]   time manager configuration: [time source: iq_samples] [mode: standalone] [server IP: 127.0.0.1} [server port: 7374] (server IP/port not used)
[PHY]    Set UE nb_rx_antenna 1, nb_tx_antenna 1, threequarter_fs 0, ofdm_offset_divisor 8
[PHY]    SA init parameters. DL freq 3619200000 UL offset 0 SSB numerology 1 N_RB_DL 106
[PHY]    Init: N_RB_DL 106, first_carrier_offset 1412, nb_prefix_samples 144,nb_prefix_samples0 176, ofdm_symbol_size 2048
[PHY]    samples_per_subframe 61440/per second 61440000, wCP 57344
[PHY]    Set UE_fo_compensation 0, UE_scan_carrier 0, UE_no_timing_correction 0 
, chest-freq 0, chest-time 0
[UTIL]   threadCreate() for SYNC__actor: creating thread with affinity ffffffff, priority 97
[UTIL]   threadCreate() for DL__actor: creating thread with affinity ffffffff, priority 97
[UTIL]   threadCreate() for DL__actor: creating thread with affinity ffffffff, priority 97
[UTIL]   threadCreate() for DL__actor: creating thread with affinity ffffffff, priority 97
[UTIL]   threadCreate() for DL__actor: creating thread with affinity ffffffff, priority 97
[UTIL]   threadCreate() for UL__actor: creating thread with affinity ffffffff, priority 97
[UTIL]   threadCreate() for UL__actor: creating thread with affinity ffffffff, priority 97
[PHY]    Initializing UE vars for gNB TXant 1, UE RXant 1
[PHY]    prs_config configuration NOT found..!! Skipped configuring UE for the PRS reception
[PHY]    HW: Configuring ru_id 0, sample_rate 61440000.000000, tx/rx num_channels 1/1, duplex_mode TDD
[PHY]    HW: Configuring channel 0 (rf_chain 0): setting tx_freq 3619200000 Hz, rx_freq 3619200000 Hz, tune_offset 0
[PHY]    HW: Configuring channel 0 (rf_chain 0): setting tx_gain 0, rx_gain 110
[UTIL]   threadCreate() for ru_start_thread: creating thread with affinity ffffffff, priority 97
[HW]     Warning: rfsimulator parameters should be provided as array elements!
[HW]     Running as client: will connect to a rfsimulator server side
Initializing random number generator, seed 9501692344328863953
[HW]     [RAU] has loaded RFSIMULATOR device.
[HW]     Trying to connect to 127.0.0.1:4043
[HW]     Connection to 127.0.0.1:4043 established
[HW]     RFsim: Number of antennas changed from 0 to 1
[PHY]    Intializing UE Threads for instance 0 ...
[UTIL]   threadCreate() for UEthread_0: creating thread with affinity ffffffff, priority 97
[UTIL]   threadCreate() for L1_UE_stats_0: creating thread with affinity ffffffff, priority 1
TYPE <CTRL-C> TO TERMINATE
[PHY]    SSB position provided
[NR_PHY] Starting sync detection
[PHY]    [UE thread Synch] Running Initial Synch 
[NR_PHY] Starting cell search with center freq: 3619200000, bandwidth: 106. Scanning for 1 number of GSCN.
[NR_PHY] Scanning GSCN: 0, with SSB offset: 516, SSB Freq: 0.000000
[PHY]    Initial sync: pbch decoded sucessfully, ssb index 0
[PHY]    pbch rx ok. rsrp:51 dB/RE, adjust_rxgain:-1 dB
[NR_PHY] Cell Detected with GSCN: 0, SSB SC offset: 516, SSB Ref: 0.000000, PSS Corr peak: 90 dB, PSS Corr Average: 55
[PHY]    [UE0] In synch, rx_offset 276480 samples
[PHY]    [UE 0] Measured Carrier Frequency offset 3 Hz
[PHY]    Initial sync successful, PCI: 0
[PHY]    HW: Configuring channel 0 (rf_chain 0): setting tx_freq 3619200003 Hz, rx_freq 3619200003 Hz, tune_offset 0
[PHY]    Got synch: hw_slot_offset 18, carrier off 3 Hz
[NR_RRC] [UE 0] BCCH update: phyCellID 0->0, arfcn_ssb 0->641280
[PHY]    UE synchronized! decoded_frame_rx=330 UE->init_sync_frame=1 trashed_frames=56
[PHY]    Resynchronizing RX by 276480 samples
[HW]     received write reorder clear context
[PHY]    max_pos_acc = 0, shiftForNextFrame = 0
[NR_RRC] SIB1 decoded
[NR_MAC] [UE 0] Initial cell selection: dl_frequency=3600120 kHz (from command-line, band=78, scs=1)
[NR_MAC] Initial cell selection: uplink_frequency=3600120 kHz (from dl_frequency=3600120 kHz)
[NR_MAC] TDD period index = 6, based on the sum of dl_UL_TransmissionPeriodicity from Pattern1 (5.000000 ms) and Pattern2 (0.000000 ms): Total = 5.000000 ms
[NR_MAC] Set TDD configuration period to: 8 DL slots, 3 UL slots, 10 slots per period (NR_TDD_UL_DL_Pattern is 7 DL slots, 2 UL slots, 6 DL symbols, 4 UL symbols)
[NR_MAC] Configured 1 TDD patterns (total slots: pattern1 = 10, pattern2 = 0)
[PHY]    N_TA_offset changed from 0 to 800
[MAC]    Initialization of 4-Step CBRA procedure
[NR_MAC] [UE 0] selected PRACH occasion: start_symbol 8 fdm 0 slot 19 format 162
[NR_MAC] PRACH scheduler: Selected RO Frame 389, Slot 19, Symbol 8, Fdm 0
[PHY]    PRACH [UE 0] in frame.slot 389.19, placing PRACH in position 2828, Msg1/MsgA-Preamble frequency start 0 (k1 0), preamble_offset 8, first_nonzero_root_idx 0, preambleIndex = 34
[PHY]    [UE 0] RAR-Msg2 decoded
[NR_MAC] [UE 0][RAPROC][RA-RNTI 0113] Got BI RAR subPDU 5 ms
[NR_MAC] [UE 0][RAPROC][RA-RNTI 0113] Got RAPID RAR subPDU
[NR_MAC] [UE 0][RAPROC][390.10] Found RAR with the intended RAPID 34
[MAC]    received TA command 31
[NR_MAC] [RAPROC][390.19] RA-Msg3 transmitted
[NR_MAC] [UE 0][391.13][RAPROC] 4-Step RA procedure succeeded. CBRA: Contention Resolution is successful.
[NR_RRC] [UE0][RAPROC] Logical Channel DL-CCCH (SRB0), Received NR_RRCSetup
[RLC]    Added srb 1 to UE 0
[MAC]    [UE 0] Applying CellGroupConfig from gNodeB
[NR_RRC] State = NR_RRC_CONNECTED
[NAS]    Generate Initial NAS Message: Registration Request
[NAS]    [UE 0] Received NR_NAS_CONN_ESTABLISH_IND: asCause 0
[NR_RRC] [UE 0][RAPROC] Logical Channel UL-DCCH (SRB1), Generating RRCSetupComplete (bytes33)
[NAS]    [UE 0] Received NAS_DOWNLINK_DATA_IND type FGS_AUTHENTICATION_REQUEST with length 42
kausf:31 6a 2 ec 31 b9 29 f2 3 5c 3 4c 97 1f 64 52 31 ba 3d 70 18 97 c2 cd 5f 1b b6 c 21 38 46 b4 
kseaf:ff dc 57 90 de 5d 33 bf 7b ef a 8d 70 6f 21 ad 63 8a cf 3d fe 81 ee a5 53 39 0 9 21 b7 68 c0 
kamf:99 ff 21 e1 d9 d4 a3 0 2d 5d c0 c2 89 9b 37 28 7d 44 82 7 15 f c8 28 f7 dd 87 d5 1e 0 3b c7 
[NAS]    [UE 0] Received NAS_DOWNLINK_DATA_IND type FGS_SECURITY_MODE_COMMAND with length 19
knas_int: 9b 8d 44 a1 1a 67 ae bc c0 d6 e5 43 70 f0 96 65 
knas_enc: 97 f5 ee 22 64 67 17 80 cf 35 46 5d 4f 58 c1 99 
[NAS]    Generate Initial NAS Message: Registration Request
mac 56 9e 9b a8 
[NR_RRC] Received securityModeCommand (gNB 0)
[NR_RRC] Receiving from SRB1 (DL-DCCH), Processing securityModeCommand
[NR_RRC] Security algorithm is set to nea0
[NR_RRC] Integrity protection algorithm is set to nia2
[NR_RRC] deriving kRRCenc, kRRCint from KgNB=43 ca 40 3f e2 6c a2 41 49 83 6b 8e f3 f1 4e 09 73 54 de ed 83 35 4b 64 35 fa fc 85 3e 67 36 02 
[NR_RRC] Receiving from SRB1 (DL-DCCH), encoding securityModeComplete, rrc_TransactionIdentifier: 0
[NR_RRC] securityModeComplete payload: 28 00 00 00 00 00 00 00 f0 00 00 00 00 00 00 00 
[NR_RRC] Received Capability Enquiry (gNB 0)
[NR_RRC] Receiving from SRB1 (DL-DCCH), Processing UECapabilityEnquiry
<UE-NR-Capability>
    <accessStratumRelease><rel15/></accessStratumRelease>
    <pdcp-Parameters>
        <supportedROHC-Profiles>
            <profile0x0000><false/></profile0x0000>
            <profile0x0001><false/></profile0x0001>
            <profile0x0002><false/></profile0x0002>
            <profile0x0003><false/></profile0x0003>
            <profile0x0004><false/></profile0x0004>
            <profile0x0006><false/></profile0x0006>
            <profile0x0101><false/></profile0x0101>
            <profile0x0102><false/></profile0x0102>
            <profile0x0103><false/></profile0x0103>
            <profile0x0104><false/></profile0x0104>
        </supportedROHC-Profiles>
        <maxNumberROHC-ContextSessions><cs2/></maxNumberROHC-ContextSessions>
    </pdcp-Parameters>
    <phy-Parameters>
    </phy-Parameters>
    <rf-Parameters>
        <supportedBandListNR>
            <BandNR>
                <bandNR>1</bandNR>
            </BandNR>
        </supportedBandListNR>
    </rf-Parameters>
</UE-NR-Capability>
[PHY]    [RRC]UE NR Capability encoded, 10 bytes (86 bits)
[NR_RRC] UECapabilityInformation Encoded 106 bits (14 bytes)
[NAS]    [UE 0] Received NAS_DOWNLINK_DATA_IND type FGS_REGISTRATION_ACCEPT with length 46
[NAS]    Received Registration Accept with result 3GPP
[NAS]    SMS not allowed in 5GS Registration Result
[NR_RRC] 5G-GUTI: AMF pointer 0, AMF Set ID 1, 5G-TMSI 3221225945 
mac 9 9e ea 7 
[NR_MAC] [UE 0] paging UE_ID=473
[NAS]    Send NAS_UPLINK_DATA_REQ message(RegistrationComplete)
[NAS]    requested PDU session ID 1 type 1 NSSAI 1.16777215 DNN Internet
mac d7 e0 9a 92 
[NAS]    Send NAS_UPLINK_DATA_REQ message(PduSessionEstablishRequest)
[NAS]    [UE 0] Received NAS_DOWNLINK_DATA_IND type FGS_CONFIGURATION_UPDATE_COMMAND with length 40
[NR_RRC] unknown message type 84
[RLC]    Added srb 2 to UE 0
[RLC]    Added drb 1 to UE 0
[RLC]    Added DRB to UE 0
[NR_RRC] RRCReconfiguration includes radio Bearer Configuration
[MAC]    [UE 0] Applying CellGroupConfig from gNodeB
[SDAP]    Could not find SDAP entity: entity list empty (ue_id=0 pdu_session_id=1)
[SDAP]   Creating SDAP entity ue_id=0 pdu_session_id=1
[SDAP]   Default DRB for the created SDAP entity: DRB 1 
[PDCP]   Added DRB 1 to UE ID 0
[NR_RRC] State = NR_RRC_CONNECTED
[NR_RRC] RRCReconfiguration includes Measurement Configuration
[NR_RRC] Measurement gaps not yet supported!
[NAS]    [UE 0] Received NAS_CONN_ESTABLI_CNF: errCode 1, length 68
[NR_RRC] rrcReconfigurationComplete Encoded 10 bits (2 bytes)
[NR_RRC]  Logical Channel UL-DCCH (SRB1), Generating RRCReconfigurationComplete (bytes 2)
[NAS]    Received PDU Session Establishment Accept, UE IPv4: 10.45.1.178
[SDAP]   UE 0 PDU session 1: cached QFI 1
[SDAP]   UE 0 PDU session 1: bringing TUN oaitun_ue1 up
[UTIL]   threadCreate() for ue_tun_read_0_p1: creating thread with affinity ffffffff, priority 1
[OIP]    TUN Interface oaitun_ue1 successfully configured, IPv4 10.45.1.178, IPv6 (null)
[NR_MAC] UE 0 RNTI 27bf stats sfn: 512.8, cumulated bad DCI 0
    DL harq: 18/0
    UL harq: 52/0 avg code rate 0.1, avg bit/symbol 2.0, avg per TB: (nb RBs 26.7, nb symbols 5.7)
Entering ITTI signals handler
TYPE <CTRL-C> TO TERMINATE
